[atulweb.com/index.html]
[backblue.gif]
[fade.gif]
[index.html]
[atulweb.com/feed/index.html]
[atulweb.com/comments/feed/index.html]
[atulweb.com/wp-includes/js/jquery/jquery4a5f.js]
[atulweb.com/wp-includes/js/jquery/jquery-migrate.min330a.js]
[atulweb.com/wp-json/index.html]
[atulweb.com/wp-json/oembed/1.0/embedc034.json]
[atulweb.com/wp-json/oembed/1.0/embed206b]
[atulweb.com/wp-content/uploads/2020/06/cropped-YP-White-Copy-32x32.png]
[atulweb.com/wp-content/uploads/2020/06/cropped-YP-White-Copy-192x192.png]
[atulweb.com/wp-content/uploads/2020/06/cropped-YP-White-Copy-180x180.png]
[atulweb.com/wp-content/uploads/2020/06/cropped-headerlogo-min.png]
[atulweb.com/wp-content/uploads/2020/06/IEEE-YP-LOGO.png]
[atulweb.com/events/index.html]
[atulweb.com/ieee-b-htc-2020/index.html]
[atulweb.com/wp-content/uploads/2020/06/headerlogo-min.png]
[atulweb.com/activities/index.html]
[atulweb.com/achievements/index.html]
[atulweb.com/wp-includes/js/imagesloaded.min55a0.js]
[atulweb.com/wp-content/themes/oceanwp/assets/js/third/magnific-popup.min4511.js]
[atulweb.com/execom/index.html]
[atulweb.com/wp-content/themes/oceanwp/assets/js/third/lightbox.min4511.js]
[atulweb.com/wp-content/themes/oceanwp/assets/js/main.min4511.js]
[atulweb.com/wp-includes/js/wp-embed.minc225.js]
[atulweb.com/wp-content/plugins/elementor/assets/lib/jquery-numerator/jquery-numerator.min3958.js]
[atulweb.com/wp-content/plugins/elementor/assets/js/frontend-modules.min562c.js]
[atulweb.com/wp-includes/js/jquery/ui/position.mine899.js]
[atulweb.com/wp-content/plugins/elementor/assets/lib/dialog/dialog.minae9e.js]
[atulweb.com/wp-content/plugins/elementor/assets/lib/waypoints/waypoints.min05da.js]
[atulweb.com/wp-content/plugins/elementor/assets/lib/swiper/swiper.min48f5.js]
[atulweb.com/wp-content/plugins/elementor/assets/lib/share-link/share-link.min562c.js]
[atulweb.com/wp-content/plugins/elementor/assets/js/frontend.min562c.js]
[atulweb.com/index.html]
[atulweb.com/wp-includes/css/dist/block-library/style.minc225.css]
[atulweb.com/wp-includes/css/dist/block-library/theme.minc225.css]
[atulweb.com/wp-content/themes/oceanwp/assets/fonts/fontawesome/webfonts/fa-brands-400.eot]
[atulweb.com/wp-content/themes/oceanwp/assets/fonts/fontawesome/webfonts/fa-brands-400d41d.eot]
[atulweb.com/wp-content/themes/oceanwp/assets/fonts/fontawesome/webfonts/fa-brands-400.woff2]
[atulweb.com/wp-content/themes/oceanwp/assets/fonts/fontawesome/webfonts/fa-brands-400.woff]
[atulweb.com/wp-content/themes/oceanwp/assets/fonts/fontawesome/webfonts/fa-brands-400.ttf]
[atulweb.com/wp-content/themes/oceanwp/assets/fonts/fontawesome/webfonts/fa-regular-400.eot]
[atulweb.com/wp-content/themes/oceanwp/assets/fonts/fontawesome/webfonts/fa-regular-400d41d.eot]
[atulweb.com/wp-content/themes/oceanwp/assets/fonts/fontawesome/webfonts/fa-regular-400.woff2]
[atulweb.com/wp-content/themes/oceanwp/assets/fonts/fontawesome/webfonts/fa-regular-400.woff]
[atulweb.com/wp-content/themes/oceanwp/assets/fonts/fontawesome/webfonts/fa-regular-400.ttf]
[atulweb.com/wp-content/themes/oceanwp/assets/fonts/fontawesome/webfonts/fa-solid-900.eot]
[atulweb.com/wp-content/themes/oceanwp/assets/fonts/fontawesome/webfonts/fa-solid-900d41d.eot]
[atulweb.com/wp-content/themes/oceanwp/assets/fonts/fontawesome/webfonts/fa-solid-900.woff2]
[atulweb.com/wp-content/themes/oceanwp/assets/fonts/fontawesome/webfonts/fa-solid-900.woff]
[atulweb.com/wp-content/themes/oceanwp/assets/fonts/fontawesome/webfonts/fa-solid-900.ttf]
[atulweb.com/wp-content/themes/oceanwp/assets/fonts/fontawesome/css/all.minaec5.css]
[atulweb.com/wp-content/themes/oceanwp/assets/fonts/simple-line-icons/Simple-Line-Iconsb26c.eot]
[atulweb.com/wp-content/themes/oceanwp/assets/fonts/simple-line-icons/Simple-Line-Iconsb26c.woff2]
[atulweb.com/wp-content/themes/oceanwp/assets/fonts/simple-line-icons/Simple-Line-Iconsb26c.ttf]
[atulweb.com/wp-content/themes/oceanwp/assets/fonts/simple-line-icons/Simple-Line-Iconsb26c.woff]
[atulweb.com/wp-content/themes/oceanwp/assets/css/third/simple-line-icons.min8d5a.css]
[atulweb.com/wp-content/themes/oceanwp/assets/css/third/magnific-popup.min8a54.css]
[atulweb.com/wp-content/themes/oceanwp/assets/fonts/slick/slick.eot]
[atulweb.com/wp-content/themes/oceanwp/assets/fonts/slick/slickd41d.eot]
[atulweb.com/wp-content/themes/oceanwp/assets/fonts/slick/slick.woff]
[atulweb.com/wp-content/themes/oceanwp/assets/fonts/slick/slick.ttf]
[atulweb.com/wp-content/themes/oceanwp/assets/css/third/slick.minaff7.css]
[atulweb.com/wp-content/themes/oceanwp/assets/css/style.min4511.css]
[atulweb.com/wp-content/themes/oceanwp/assets/css/third/hamburgers/hamburgers.min4511.css]
[atulweb.com/wp-content/themes/oceanwp/assets/css/third/hamburgers/types/3dx4511.css]
[atulweb.com/wp-content/plugins/elementor/assets/lib/eicons/fonts/eiconsf884.eot]
[atulweb.com/wp-content/plugins/elementor/assets/lib/eicons/fonts/eiconsf884.woff2]
[atulweb.com/wp-content/plugins/elementor/assets/lib/eicons/fonts/eiconsf884.woff]
[atulweb.com/wp-content/plugins/elementor/assets/lib/eicons/fonts/eiconsf884.ttf]
[atulweb.com/wp-content/plugins/elementor/assets/lib/eicons/css/elementor-icons.min87e8.css]
[atulweb.com/wp-content/plugins/elementor/assets/lib/animations/animations.min562c.css]
[atulweb.com/wp-content/plugins/elementor/assets/css/frontend.min562c.css]
[atulweb.com/wp-content/uploads/elementor/css/globalcc7c.css]
[atulweb.com/wp-content/uploads/2020/06/People-background.jpg]
[atulweb.com/wp-content/uploads/elementor/css/post-298ab0.css]
[atulweb.com/wp-content/plugins/elementor/assets/lib/font-awesome/css/fontawesome.minb683.css]
[atulweb.com/wp-content/plugins/elementor/assets/lib/font-awesome/webfonts/fa-brands-400.eot]
[atulweb.com/wp-content/plugins/elementor/assets/lib/font-awesome/webfonts/fa-brands-400d41d.eot]
[atulweb.com/wp-content/plugins/elementor/assets/lib/font-awesome/webfonts/fa-brands-400.woff2]
[atulweb.com/wp-content/plugins/elementor/assets/lib/font-awesome/webfonts/fa-brands-400.woff]
[atulweb.com/wp-content/plugins/elementor/assets/lib/font-awesome/webfonts/fa-brands-400.ttf]
[atulweb.com/wp-content/plugins/elementor/assets/lib/font-awesome/css/brands.minb683.css]
[atulweb.com/wp-content/plugins/elementor/assets/lib/font-awesome/webfonts/fa-solid-900.eot]
[atulweb.com/wp-content/plugins/elementor/assets/lib/font-awesome/webfonts/fa-solid-900d41d.eot]
[atulweb.com/wp-content/plugins/elementor/assets/lib/font-awesome/webfonts/fa-solid-900.woff2]
[atulweb.com/wp-content/plugins/elementor/assets/lib/font-awesome/webfonts/fa-solid-900.woff]
[atulweb.com/wp-content/plugins/elementor/assets/lib/font-awesome/webfonts/fa-solid-900.ttf]
[atulweb.com/wp-content/plugins/elementor/assets/lib/font-awesome/css/solid.minb683.css]
[atulweb.com/wp-includes/wlwmanifest.xml]
[atulweb.com/wp-json/oembed/1.0/embeddd48.json]
[atulweb.com/events/feed/index.html]
[atulweb.com/wp-json/oembed/1.0/embedee5c]
[atulweb.com/events/index.html]
[atulweb.com/wp-json/oembed/1.0/embedf449.json]
[atulweb.com/wp-json/oembed/1.0/embedf009]
[atulweb.com/wp-content/uploads/2020/06/IEEE-BHTC2020-YP-TRACk-with-dsicount-min-1-1536x1086.jpg]
[atulweb.com/ieee-b-htc-2020/index.html]
[atulweb.com/wp-json/oembed/1.0/embedbecb.json]
[atulweb.com/wp-json/oembed/1.0/embedade7]
[atulweb.com/wp-content/uploads/2020/06/Website-contest-min.jpg]
[atulweb.com/wp-content/uploads/2020/06/Step-1-min.jpg]
[atulweb.com/wp-content/uploads/2020/06/8-min.jpg]
[atulweb.com/wp-content/uploads/2020/06/7-min.jpg]
[atulweb.com/wp-content/uploads/2020/06/Mentor-4-You-min-1024x426.jpg]
[atulweb.com/wp-content/uploads/2020/06/1-min-1024x426.jpg]
[atulweb.com/wp-content/uploads/2020/06/12-min-1024x426.jpg]
[atulweb.com/wp-content/uploads/2020/06/Major-Initiative-min-1024x426.jpg]
[atulweb.com/wp-content/uploads/2020/06/5-min-150x150.jpg]
[atulweb.com/wp-content/uploads/2020/06/nie-tech-150x150.jpg]
[atulweb.com/wp-content/uploads/2020/06/Team-Building-min-1024x426.jpg]
[atulweb.com/wp-content/uploads/2020/06/tech_tumkur-1024x426.jpg]
[atulweb.com/wp-content/uploads/2020/06/4-min.jpg]
[atulweb.com/wp-content/uploads/2020/06/workshop-scaled.jpg]
[atulweb.com/wp-content/uploads/2020/06/ideatation-yo-production-1024x426.jpg]
[atulweb.com/wp-content/uploads/2020/06/TISP-scaled.jpg]
[atulweb.com/wp-content/uploads/2020/06/11-min.jpg]
[atulweb.com/wp-content/uploads/2020/06/10-min.jpg]
[atulweb.com/wp-content/uploads/2020/06/mit-work-1024x426.jpg]
[atulweb.com/wp-content/uploads/2020/06/6-min-1024x426.jpg]
[atulweb.com/wp-content/uploads/2020/06/3-min.jpg]
[atulweb.com/wp-content/uploads/2020/06/2-min.jpg]
[atulweb.com/activities/index.html]
[atulweb.com/wp-json/oembed/1.0/embede71f.json]
[atulweb.com/wp-json/oembed/1.0/embed9423]
[atulweb.com/wp-content/uploads/2020/06/Desktop-Screenshot-2020.06.05-08.06.19.68.png]
[atulweb.com/wp-content/uploads/2020/06/Desktop-Screenshot-2020.06.05-08.03.19.74.png]
[atulweb.com/wp-content/uploads/2020/06/Desktop-Screenshot-2020.06.05-08.03.26.84.png]
[atulweb.com/wp-content/uploads/2020/06/Desktop-Screenshot-2020.06.05-08.03.33.80.png]
[atulweb.com/wp-content/uploads/2020/06/Desktop-Screenshot-2020.06.05-08.03.38.10.png]
[atulweb.com/achievements/index.html]
[atulweb.com/wp-json/oembed/1.0/embed8f71.json]
[atulweb.com/wp-json/oembed/1.0/embed7cb8]
[atulweb.com/wp-content/uploads/2020/06/Ashwini-Appaji-M.jpg]
[atulweb.com/wp-content/uploads/2020/06/Gitansh-Anand.jpg]
[atulweb.com/wp-content/uploads/2020/06/Moinam-Chatarjee-4.jpg]
[atulweb.com/wp-content/uploads/2020/06/Nikhil-2.jpg]
[atulweb.com/wp-content/uploads/2020/06/Samarth.png]
[atulweb.com/wp-content/uploads/2020/06/Neha-Kumari.png]
[atulweb.com/wp-content/uploads/2020/06/Mallikarjun-Choukimath.png]
[atulweb.com/wp-content/uploads/2020/06/Abhishek.png]
[atulweb.com/wp-content/uploads/2020/06/Thaseen-Shaik.png]
[atulweb.com/wp-content/uploads/2020/06/Pruthiviraj.png]
[atulweb.com/wp-content/uploads/2020/06/Ravichandra-Kulkarni.png]
[atulweb.com/wp-content/uploads/2020/06/Shaambhavi.png]
[atulweb.com/wp-content/uploads/2020/06/Shilpa.jpg]
[atulweb.com/wp-content/uploads/2020/06/Abhishek-D.jpg]
[atulweb.com/wp-content/uploads/2020/06/Mahesh-Kumar-Jha.png]
[atulweb.com/wp-content/uploads/2020/06/Pramod.png]
[atulweb.com/wp-content/uploads/2020/06/Madhan-Raj.png]
[atulweb.com/wp-content/uploads/2020/06/Chandu.jpg]
[atulweb.com/wp-content/uploads/2020/06/LAAND.png]
[atulweb.com/wp-content/uploads/2020/06/Andon.png]
[atulweb.com/wp-content/uploads/2020/06/Ashish.png]
[atulweb.com/wp-content/uploads/2020/06/Anagha.png]
[atulweb.com/execom/index.html]
[atulweb.com/wp-content/themes/oceanwp/assets/fonts/fontawesome/webfonts/fa-brands-400.svg]
[atulweb.com/wp-content/themes/oceanwp/assets/fonts/fontawesome/webfonts/fa-regular-400.svg]
[atulweb.com/wp-content/themes/oceanwp/assets/fonts/fontawesome/webfonts/fa-solid-900.svg]
[atulweb.com/wp-content/themes/oceanwp/assets/fonts/simple-line-icons/Simple-Line-Iconsb26c.svg]
[atulweb.com/wp-content/themes/oceanwp/assets/fonts/slick/slick.svg]
[atulweb.com/wp-content/plugins/elementor/assets/lib/eicons/fonts/eiconsf884.svg]
[atulweb.com/wp-content/plugins/elementor/assets/lib/font-awesome/webfonts/fa-brands-400.svg]
[atulweb.com/wp-content/plugins/elementor/assets/lib/font-awesome/webfonts/fa-solid-900.svg]
[atulweb.com/index905b.html]
[atulweb.com/wp-content/uploads/2020/06/IEEE-Background-1.jpg]
[atulweb.com/wp-content/uploads/2020/06/gallery-cover_2.9b.delayed]
[atulweb.com/wp-content/uploads/elementor/css/post-1330542.css]
[atulweb.com/index9c49.html]
[atulweb.com/wp-content/uploads/elementor/css/post-984a2.css]
[atulweb.com/indexb5fb.html]
[atulweb.com/wp-content/uploads/2020/06/bradcam.jpg]
[atulweb.com/wp-content/uploads/elementor/css/post-104a94.css]
[atulweb.com/index64b4.html]
[atulweb.com/wp-content/uploads/elementor/css/post-118d61.css]
[atulweb.com/index5757.html]
[atulweb.com/xmlrpc0db0.html]
[atulweb.com/wp-content/uploads/2020/06/IEEE-BHTC2020-YP-TRACk-with-dsicount-min-1.jpg]
[atulweb.com/wp-content/uploads/elementor/css/post-2eb4f.css]
[atulweb.com/wp-content/uploads/2020/06/gallery-cover_2.html]
[atulweb.com/xmlrpc.html]
